event_id,page_view_id,domain_sessionid,event_in_session_index,domain_userid,network_userid,user_id,ecommerce_user_id,derived_tstamp,derived_tstamp_date,ecommerce_action_type,ecommerce_action_name,ecommerce_page_type,checkout_step_number,checkout_account_type,checkout_billing_full_address,checkout_billing_postcode,checkout_coupon_code,checkout_delivery_method,checkout_delivery_provider,checkout_marketing_opt_in,checkout_payment_method,checkout_proof_of_payment,checkout_shipping_full_address,checkout_shipping_postcode,session_entered_at_step,checkout_succeeded,ecommerce_user_email,ecommerce_user_is_guest
bc8487ac-ea8d-4eff-9a44-3505855d44f9,0ab5e078-d494-4e84-b1ff-a0bb74ab9f51,0a42e1e29bd84c4f87003cb8c4c7098e31a93eed89b10f10c83e0c9c3810318d,29,31cb1a4bfecf9361e583c5da7ec9ad7153d2bec1e588dd7f0e1676ea4b58d8b8,7141d54f67eefe8231c3eb8026403e43ffa6fff228f195c1115f9ddc8da543e6,,,2022-12-22 13:26:12.871000+00:00,2022-12-22,transaction,,order complete,4,,,,,,,,,,,,False,True,,
79314f8f-3979-4e1b-afcf-0ddf02526778,bfee255f-6897-430b-929c-ba494b7247be,0a42e1e29bd84c4f87003cb8c4c7098e31a93eed89b10f10c83e0c9c3810318d,35,31cb1a4bfecf9361e583c5da7ec9ad7153d2bec1e588dd7f0e1676ea4b58d8b8,7141d54f67eefe8231c3eb8026403e43ffa6fff228f195c1115f9ddc8da543e6,,U12345,2022-12-22 13:26:33.432000+00:00,2022-12-22,transaction,,order complete,4,,,,,,,,,,,,False,True,peter@snowplowanalytics.com,True
a64a0af6-639e-4735-b06c-7cc4e2ca0c17,93b789ed-6c3a-4457-aa93-cfc33ec4d4b4,0a42e1e29bd84c4f87003cb8c4c7098e31a93eed89b10f10c83e0c9c3810318d,6,31cb1a4bfecf9361e583c5da7ec9ad7153d2bec1e588dd7f0e1676ea4b58d8b8,7141d54f67eefe8231c3eb8026403e43ffa6fff228f195c1115f9ddc8da543e6,,U12345,2022-12-22 13:25:42.138000+00:00,2022-12-22,transaction,,order complete,4,,,,,,,,,,,,False,True,peter@snowplowanalytics.com,True
398416a4-c667-4749-a34f-98156807e7b9,99b96295-e7fe-4bb4-a294-acdcf3ab9cf7,0a42e1e29bd84c4f87003cb8c4c7098e31a93eed89b10f10c83e0c9c3810318d,33,31cb1a4bfecf9361e583c5da7ec9ad7153d2bec1e588dd7f0e1676ea4b58d8b8,7141d54f67eefe8231c3eb8026403e43ffa6fff228f195c1115f9ddc8da543e6,,U12345,2022-12-22 13:26:31.272000+00:00,2022-12-22,checkout_step,,checkout step 1,1,,,,,,,,,,,,False,False,peter@snowplowanalytics.com,True
4e912a42-1a33-44ff-bc63-537730ac7e12,6d494b17-c5a3-4aa4-a87a-c05dcafda397,0a42e1e29bd84c4f87003cb8c4c7098e31a93eed89b10f10c83e0c9c3810318d,34,31cb1a4bfecf9361e583c5da7ec9ad7153d2bec1e588dd7f0e1676ea4b58d8b8,7141d54f67eefe8231c3eb8026403e43ffa6fff228f195c1115f9ddc8da543e6,,U12345,2022-12-22 13:26:31.714000+00:00,2022-12-22,checkout_step,,checkout step 2,2,guest,,,,,,,,,,,False,False,peter@snowplowanalytics.com,True
c0c0b51d-2c99-4aeb-aaf1-f32b7d42ea45,970fce18-5c21-480a-8df9-b713b90fcdad,0a42e1e29bd84c4f87003cb8c4c7098e31a93eed89b10f10c83e0c9c3810318d,28,31cb1a4bfecf9361e583c5da7ec9ad7153d2bec1e588dd7f0e1676ea4b58d8b8,7141d54f67eefe8231c3eb8026403e43ffa6fff228f195c1115f9ddc8da543e6,,,2022-12-22 13:26:11.729000+00:00,2022-12-22,checkout_step,,checkout step 2,2,guest,,,,,,,,,,,False,False,,
b34a6010-b13d-4404-94cb-752bb6fc8577,854a42f8-e95f-4d1d-85c6-cd089f462c03,0a42e1e29bd84c4f87003cb8c4c7098e31a93eed89b10f10c83e0c9c3810318d,5,31cb1a4bfecf9361e583c5da7ec9ad7153d2bec1e588dd7f0e1676ea4b58d8b8,7141d54f67eefe8231c3eb8026403e43ffa6fff228f195c1115f9ddc8da543e6,,U12345,2022-12-22 13:25:41.503000+00:00,2022-12-22,checkout_step,,checkout step 2,2,guest,,,,,,,,,,,False,False,peter@snowplowanalytics.com,True
d1c81006-ffac-4a8e-b28c-991726303cc6,2e83f5c4-1401-45c0-9dbd-79e99f6e0da1,0a42e1e29bd84c4f87003cb8c4c7098e31a93eed89b10f10c83e0c9c3810318d,4,31cb1a4bfecf9361e583c5da7ec9ad7153d2bec1e588dd7f0e1676ea4b58d8b8,7141d54f67eefe8231c3eb8026403e43ffa6fff228f195c1115f9ddc8da543e6,,U12345,2022-12-22 13:25:40.972000+00:00,2022-12-22,checkout_step,,checkout step 1,1,,,,,,,,,,,,False,False,peter@snowplowanalytics.com,True
b3ed7970-753a-475f-a5b7-f6856fba1683,c90e1f87-a49a-4b19-b84b-507f54433e42,0a42e1e29bd84c4f87003cb8c4c7098e31a93eed89b10f10c83e0c9c3810318d,27,31cb1a4bfecf9361e583c5da7ec9ad7153d2bec1e588dd7f0e1676ea4b58d8b8,7141d54f67eefe8231c3eb8026403e43ffa6fff228f195c1115f9ddc8da543e6,,,2022-12-22 13:26:11.084000+00:00,2022-12-22,checkout_step,,checkout step 1,1,,,,,,,,,,,,False,False,,
7f12d1c9-ca92-4c40-9ca2-6fbba17d8c60,b2772b9b-51d4-4f84-93a9-f5a2e5ccc6f5,7a8e2fd857cd6f9981456e79adf960ac608754eb91908a1b6f8fc81d37e2b7be,18,2715230d4fa61224a67b715dc41c3d5816960aa43c687b86216face6c43f0c53,a9d66a2b99230e83a7700214f69cd58bf34d6e7d9d257fd5a7b11eacea276640,,,2022-10-25 07:55:13.982000+00:00,2022-10-25,transaction,,order complete,4,,,,,,,,,,,,False,True,,
01ebeeb1-2b52-4b3a-95b2-d81f840dd59a,8b762689-757e-4f5e-9a4d-95d009693e9a,43be59d87041838249c1ccda96a6581911cc6064e6fff7aa6716cc42f161df9a,24,39e02562ff36520f6339b28c9fbe83dce1835b2a450494ef622f1f0f919dbc60,a9d66a2b99230e83a7700214f69cd58bf34d6e7d9d257fd5a7b11eacea276640,,,2022-10-25 08:10:47.205000+00:00,2022-10-25,transaction,,order complete,4,,,,,,,,,,,,False,True,,
103576b2-b319-4d3d-8e52-5ea2984dd19f,93d5a98a-e735-454e-8ce6-73991a81001a,d6fdc9567bacd3dff8fea59770348eba11272f323a3829ed080605c394b102ae,9,0a225e4eb9b6840ee0e24ea14044195a4f41a6b8a979194e92df49c734a4eb46,a9d66a2b99230e83a7700214f69cd58bf34d6e7d9d257fd5a7b11eacea276640,,,2022-10-25 07:52:51.165000+00:00,2022-10-25,transaction,,order complete,4,,,,,,,,,,,,False,True,,
fb1ddf7f-a240-4440-ba61-8179bfeaed4a,62d96eaa-3b02-44e7-9cf6-8099ce245968,7a8e2fd857cd6f9981456e79adf960ac608754eb91908a1b6f8fc81d37e2b7be,30,2715230d4fa61224a67b715dc41c3d5816960aa43c687b86216face6c43f0c53,a9d66a2b99230e83a7700214f69cd58bf34d6e7d9d257fd5a7b11eacea276640,,U12345,2022-10-25 07:56:13.651000+00:00,2022-10-25,transaction,,order complete,4,,,,,,,,,,,,False,True,peter@snowplowanalytics.com,
8dd110c6-d72c-4d7e-8538-30a2d6332c9d,fa2e1e17-4a50-42b7-a9a4-77beae3c7d24,43be59d87041838249c1ccda96a6581911cc6064e6fff7aa6716cc42f161df9a,10,39e02562ff36520f6339b28c9fbe83dce1835b2a450494ef622f1f0f919dbc60,a9d66a2b99230e83a7700214f69cd58bf34d6e7d9d257fd5a7b11eacea276640,,,2022-10-25 08:10:24.908000+00:00,2022-10-25,transaction,,order complete,4,,,,,,,,,,,,False,True,,
78d8107c-790d-4b71-a897-b439ac1773b0,70bfc471-2e65-4315-8a6f-8a1e5880fa43,996606dcff3c830229a5971b18ac3cf771d5e08b07b4e7f4b36716cbaaf7a6f6,52,aed8d83b8a7a6f51c06b7d61472629e9a0975398f2fd08c4feb11a64d6f53438,a9d66a2b99230e83a7700214f69cd58bf34d6e7d9d257fd5a7b11eacea276640,,,2022-10-25 08:30:18.208000+00:00,2022-10-25,transaction,,order complete,4,,,,,,,,,,,,False,True,,
67b2e6dd-7ce4-4748-989b-6d66bc9147f8,87308bcf-08d6-4422-b58b-2c5fb12c0e69,8466766a0101ecf4d609217bb265be2ed2abb3ac563b99c807d1f1d8edadfd1d,17,c5f05cbc8c021de4f50a59f14b7c50fd59bfdce1b06c0d8fa9df04db63753575,a9d66a2b99230e83a7700214f69cd58bf34d6e7d9d257fd5a7b11eacea276640,,,2022-10-25 08:09:31.868000+00:00,2022-10-25,transaction,,order complete,4,,,,,,,,,,,,False,True,,
4baaa6ee-54ff-4747-b9d2-56b7019f94b9,17738fec-723e-4496-800e-4daa3d907c2e,8466766a0101ecf4d609217bb265be2ed2abb3ac563b99c807d1f1d8edadfd1d,27,c5f05cbc8c021de4f50a59f14b7c50fd59bfdce1b06c0d8fa9df04db63753575,a9d66a2b99230e83a7700214f69cd58bf34d6e7d9d257fd5a7b11eacea276640,,,2022-10-25 08:09:54.564000+00:00,2022-10-25,transaction,,order complete,4,,,,,,,,,,,,False,True,,
5a2ec007-027b-41fb-b19d-83baf6668ff0,4f7bb0ac-8be6-4b29-8d2e-18cb74849558,7a8e2fd857cd6f9981456e79adf960ac608754eb91908a1b6f8fc81d37e2b7be,8,2715230d4fa61224a67b715dc41c3d5816960aa43c687b86216face6c43f0c53,a9d66a2b99230e83a7700214f69cd58bf34d6e7d9d257fd5a7b11eacea276640,,,2022-10-25 07:54:20.975000+00:00,2022-10-25,transaction,,order complete,4,,,,,,,,,,,,False,True,,
4c070af6-e1c7-4e05-afd4-fcb1568e4527,9a6d7cdb-897a-4dd5-a2e9-56644d4c0008,43be59d87041838249c1ccda96a6581911cc6064e6fff7aa6716cc42f161df9a,8,39e02562ff36520f6339b28c9fbe83dce1835b2a450494ef622f1f0f919dbc60,a9d66a2b99230e83a7700214f69cd58bf34d6e7d9d257fd5a7b11eacea276640,,,2022-10-25 08:10:20.742000+00:00,2022-10-25,checkout_step,,checkout step 1,1,,,,,,,,,,,,False,False,,
936a8f26-3eb0-4c1a-a639-617ba47ac775,9a886dda-241f-440a-b8fb-9472d017fad3,43be59d87041838249c1ccda96a6581911cc6064e6fff7aa6716cc42f161df9a,22,39e02562ff36520f6339b28c9fbe83dce1835b2a450494ef622f1f0f919dbc60,a9d66a2b99230e83a7700214f69cd58bf34d6e7d9d257fd5a7b11eacea276640,,,2022-10-25 08:10:44.798000+00:00,2022-10-25,checkout_step,,checkout step 1,1,,,,,,,,,,,,False,False,,
13643c67-d85b-4023-b328-d63b320ebe06,e67ec890-ae8b-4748-b3d1-10a92938019f,996606dcff3c830229a5971b18ac3cf771d5e08b07b4e7f4b36716cbaaf7a6f6,27,aed8d83b8a7a6f51c06b7d61472629e9a0975398f2fd08c4feb11a64d6f53438,a9d66a2b99230e83a7700214f69cd58bf34d6e7d9d257fd5a7b11eacea276640,,,2022-10-25 08:29:20.474000+00:00,2022-10-25,checkout_step,,checkout step 1,1,,,,,,,,,,,,False,False,,
ae8e3225-64ec-48d0-86bd-94f63c1e7923,8d8a4a41-e550-40dd-9958-8d6ccc268eff,179d4aec169c6fbbf119763cffcdcac8bf065e18167d3bc0d79fd0b4914f5bda,18,783e85d8214a6902ca431946afc2e2dadc0777af2194d98b76a12837187760b4,a9d66a2b99230e83a7700214f69cd58bf34d6e7d9d257fd5a7b11eacea276640,,,2022-10-25 08:13:05.196000+00:00,2022-10-25,checkout_step,,checkout step 1,1,,,,,,,,,,,,False,False,,
b62c54fa-b061-4a58-a139-9e55959580e4,65403cf2-aa29-463d-bdee-ad43cba79ceb,7a8e2fd857cd6f9981456e79adf960ac608754eb91908a1b6f8fc81d37e2b7be,6,2715230d4fa61224a67b715dc41c3d5816960aa43c687b86216face6c43f0c53,a9d66a2b99230e83a7700214f69cd58bf34d6e7d9d257fd5a7b11eacea276640,,,2022-10-25 07:54:16.799000+00:00,2022-10-25,checkout_step,,checkout step 1,1,,,,,,,,,,,,False,False,,
3fcce587-3b72-4dc1-9c8e-b833e51277ee,09c817b7-288f-4b79-8ed3-ccd99bc691ac,996606dcff3c830229a5971b18ac3cf771d5e08b07b4e7f4b36716cbaaf7a6f6,50,aed8d83b8a7a6f51c06b7d61472629e9a0975398f2fd08c4feb11a64d6f53438,a9d66a2b99230e83a7700214f69cd58bf34d6e7d9d257fd5a7b11eacea276640,,,2022-10-25 08:30:16.389000+00:00,2022-10-25,checkout_step,,checkout step 1,1,,,,,,,,,,,,False,False,,
51e69a6b-aa3a-4f4a-8bc9-0ba6368e51b9,452f2f14-f4fb-4045-958b-67a37579447f,7a8e2fd857cd6f9981456e79adf960ac608754eb91908a1b6f8fc81d37e2b7be,16,2715230d4fa61224a67b715dc41c3d5816960aa43c687b86216face6c43f0c53,a9d66a2b99230e83a7700214f69cd58bf34d6e7d9d257fd5a7b11eacea276640,,,2022-10-25 07:55:11.748000+00:00,2022-10-25,checkout_step,,checkout step 1,1,,,,,,,,,,,,False,False,,
0162110f-134d-413b-80f3-412d1098fd5e,4d951d23-6a59-4979-919a-a44f97cade3e,179d4aec169c6fbbf119763cffcdcac8bf065e18167d3bc0d79fd0b4914f5bda,28,783e85d8214a6902ca431946afc2e2dadc0777af2194d98b76a12837187760b4,a9d66a2b99230e83a7700214f69cd58bf34d6e7d9d257fd5a7b11eacea276640,,,2022-10-25 08:13:31.333000+00:00,2022-10-25,checkout_step,,checkout step 1,1,,,,,,,,,,,,False,False,,
7fdabf21-ffeb-4637-9439-bdbef55bfbbd,53aeb7ee-f7b1-44bf-9085-9fc16701db9c,7a8e2fd857cd6f9981456e79adf960ac608754eb91908a1b6f8fc81d37e2b7be,28,2715230d4fa61224a67b715dc41c3d5816960aa43c687b86216face6c43f0c53,a9d66a2b99230e83a7700214f69cd58bf34d6e7d9d257fd5a7b11eacea276640,,U12345,2022-10-25 07:56:11.708000+00:00,2022-10-25,checkout_step,,checkout step 1,1,,,,,,,,,,,,False,False,peter@snowplowanalytics.com,
3766eae6-1074-4733-80ac-2d1b6891656a,1960355e-1ede-4b03-9408-6951a52cb43c,d6fdc9567bacd3dff8fea59770348eba11272f323a3829ed080605c394b102ae,7,0a225e4eb9b6840ee0e24ea14044195a4f41a6b8a979194e92df49c734a4eb46,a9d66a2b99230e83a7700214f69cd58bf34d6e7d9d257fd5a7b11eacea276640,,,2022-10-25 07:52:45.465000+00:00,2022-10-25,checkout_step,,checkout step 1,1,,,,,,,,,,,,False,False,,
b66cfde0-2563-43ad-b024-67e22087ba78,415a4a7c-9911-41d1-8cac-1fdb44c90a3c,996606dcff3c830229a5971b18ac3cf771d5e08b07b4e7f4b36716cbaaf7a6f6,43,aed8d83b8a7a6f51c06b7d61472629e9a0975398f2fd08c4feb11a64d6f53438,a9d66a2b99230e83a7700214f69cd58bf34d6e7d9d257fd5a7b11eacea276640,,,2022-10-25 08:29:59.170000+00:00,2022-10-25,checkout_step,,checkout step 1,1,,,,,,,,,,,,False,False,,
4cc7c1de-3b39-4016-b6f3-5d4d61961313,5c7e4ed6-a394-4bcd-a03d-29f27c217cc2,8466766a0101ecf4d609217bb265be2ed2abb3ac563b99c807d1f1d8edadfd1d,25,c5f05cbc8c021de4f50a59f14b7c50fd59bfdce1b06c0d8fa9df04db63753575,a9d66a2b99230e83a7700214f69cd58bf34d6e7d9d257fd5a7b11eacea276640,,,2022-10-25 08:09:52.063000+00:00,2022-10-25,checkout_step,,checkout step 1,1,,,,,,,,,,,,False,False,,
ab35850e-fc70-4a25-ba36-a084787a9366,a4e47de1-829f-4f88-9d55-f1c173bddcb3,e5d3f1d874f31c91d72cb5f2c98b14b972b761213de54a1cd8d512931ab7d113,15,523de34a9a90896cb7336d32c1454663807f7c657fa90bf9d620b4a58f81173d,a9d66a2b99230e83a7700214f69cd58bf34d6e7d9d257fd5a7b11eacea276640,,,2022-10-25 08:28:13.425000+00:00,2022-10-25,checkout_step,,checkout step 1,1,,,,,,,,,,,,False,False,,
4f6e7b7a-7e93-4cf0-8176-7836b05bd4bb,a62796f1-e9b6-4bce-ae6e-43e399516e78,43be59d87041838249c1ccda96a6581911cc6064e6fff7aa6716cc42f161df9a,9,39e02562ff36520f6339b28c9fbe83dce1835b2a450494ef622f1f0f919dbc60,a9d66a2b99230e83a7700214f69cd58bf34d6e7d9d257fd5a7b11eacea276640,,,2022-10-25 08:10:21.424000+00:00,2022-10-25,checkout_step,,checkout step 2,2,guest,,,,,,,,,,,False,False,,
e18e1719-1785-4360-accd-0a8a717d667d,9e0f32af-c98e-4cdb-8155-fcf2213ca158,7a8e2fd857cd6f9981456e79adf960ac608754eb91908a1b6f8fc81d37e2b7be,7,2715230d4fa61224a67b715dc41c3d5816960aa43c687b86216face6c43f0c53,a9d66a2b99230e83a7700214f69cd58bf34d6e7d9d257fd5a7b11eacea276640,,,2022-10-25 07:54:17.887000+00:00,2022-10-25,checkout_step,,checkout step 2,2,guest,,,,,,,,,,,False,False,,
1e9b34dd-d07a-438d-b0e5-a892cdb2643a,b7097088-fd18-48de-bc20-232b7a9734e1,7a8e2fd857cd6f9981456e79adf960ac608754eb91908a1b6f8fc81d37e2b7be,29,2715230d4fa61224a67b715dc41c3d5816960aa43c687b86216face6c43f0c53,a9d66a2b99230e83a7700214f69cd58bf34d6e7d9d257fd5a7b11eacea276640,,U12345,2022-10-25 07:56:12.488000+00:00,2022-10-25,checkout_step,,checkout step 2,2,guest,,,,,,,,,,,False,False,peter@snowplowanalytics.com,
0c2d0b93-822a-4b45-bac4-4d33c616d834,ae408dd4-8c97-4c08-8fcd-7a067497aec6,d6fdc9567bacd3dff8fea59770348eba11272f323a3829ed080605c394b102ae,8,0a225e4eb9b6840ee0e24ea14044195a4f41a6b8a979194e92df49c734a4eb46,a9d66a2b99230e83a7700214f69cd58bf34d6e7d9d257fd5a7b11eacea276640,,,2022-10-25 07:52:46.703000+00:00,2022-10-25,checkout_step,,checkout step 2,2,guest,,,,,,,,,,,False,False,,
e848e8ae-9e3c-4895-a492-3a31fc0686cf,668ae659-09e6-4395-9742-60ad3ca4153f,43be59d87041838249c1ccda96a6581911cc6064e6fff7aa6716cc42f161df9a,23,39e02562ff36520f6339b28c9fbe83dce1835b2a450494ef622f1f0f919dbc60,a9d66a2b99230e83a7700214f69cd58bf34d6e7d9d257fd5a7b11eacea276640,,,2022-10-25 08:10:45.858000+00:00,2022-10-25,checkout_step,,checkout step 2,2,guest,,,,,,,,,,,False,False,,
4d5ff831-5861-4c83-832b-d032f8c9525b,970972b7-937a-4cc3-b692-1a7d281dcec3,996606dcff3c830229a5971b18ac3cf771d5e08b07b4e7f4b36716cbaaf7a6f6,44,aed8d83b8a7a6f51c06b7d61472629e9a0975398f2fd08c4feb11a64d6f53438,a9d66a2b99230e83a7700214f69cd58bf34d6e7d9d257fd5a7b11eacea276640,,,2022-10-25 08:30:01.323000+00:00,2022-10-25,checkout_step,,checkout step 2,2,guest,,,,,,,,,,,False,False,,
6bfb4072-bf1e-41b7-906a-da9ef1895d14,7eb94e43-b2f5-46a9-b09e-b062b78d89dc,7a8e2fd857cd6f9981456e79adf960ac608754eb91908a1b6f8fc81d37e2b7be,17,2715230d4fa61224a67b715dc41c3d5816960aa43c687b86216face6c43f0c53,a9d66a2b99230e83a7700214f69cd58bf34d6e7d9d257fd5a7b11eacea276640,,,2022-10-25 07:55:12.579000+00:00,2022-10-25,checkout_step,,checkout step 2,2,guest,,,,,,,,,,,False,False,,
84ecdebb-7169-4d8d-a111-1959f313b79c,38f8988e-f40f-4127-88a1-d17890de1205,179d4aec169c6fbbf119763cffcdcac8bf065e18167d3bc0d79fd0b4914f5bda,19,783e85d8214a6902ca431946afc2e2dadc0777af2194d98b76a12837187760b4,a9d66a2b99230e83a7700214f69cd58bf34d6e7d9d257fd5a7b11eacea276640,,,2022-10-25 08:13:05.981000+00:00,2022-10-25,checkout_step,,checkout step 2,2,guest,,,,,,,,,,,False,False,,
fbfc8602-6d21-4124-b8a8-e43003826d5f,fc5ad515-f1a1-43db-9ad0-643d5146e8db,996606dcff3c830229a5971b18ac3cf771d5e08b07b4e7f4b36716cbaaf7a6f6,51,aed8d83b8a7a6f51c06b7d61472629e9a0975398f2fd08c4feb11a64d6f53438,a9d66a2b99230e83a7700214f69cd58bf34d6e7d9d257fd5a7b11eacea276640,,,2022-10-25 08:30:16.950000+00:00,2022-10-25,checkout_step,,checkout step 2,2,guest,,,,,,,,,,,False,False,,
07504351-4e3d-4226-81aa-f1dc1108f4c0,4c93b6fb-269e-496a-827e-52581072bfdc,8466766a0101ecf4d609217bb265be2ed2abb3ac563b99c807d1f1d8edadfd1d,26,c5f05cbc8c021de4f50a59f14b7c50fd59bfdce1b06c0d8fa9df04db63753575,a9d66a2b99230e83a7700214f69cd58bf34d6e7d9d257fd5a7b11eacea276640,,,2022-10-25 08:09:52.789000+00:00,2022-10-25,checkout_step,,checkout step 2,2,guest,,,,,,,,,,,False,False,,
dd427e36-ea50-4b7e-969a-50e30f3d476f,25adfd14-67e4-42a9-8257-9bc720aa3f3d,996606dcff3c830229a5971b18ac3cf771d5e08b07b4e7f4b36716cbaaf7a6f6,28,aed8d83b8a7a6f51c06b7d61472629e9a0975398f2fd08c4feb11a64d6f53438,a9d66a2b99230e83a7700214f69cd58bf34d6e7d9d257fd5a7b11eacea276640,,,2022-10-25 08:29:21.305000+00:00,2022-10-25,checkout_step,,checkout step 2,2,guest,,,,,,,,,,,False,False,,
92167aaa-29ac-4d0b-a4df-74f54588cb17,e91b9a55-fb67-46ee-8be8-f970f5e6e5b4,e5d3f1d874f31c91d72cb5f2c98b14b972b761213de54a1cd8d512931ab7d113,16,523de34a9a90896cb7336d32c1454663807f7c657fa90bf9d620b4a58f81173d,a9d66a2b99230e83a7700214f69cd58bf34d6e7d9d257fd5a7b11eacea276640,,,2022-10-25 08:28:14.428000+00:00,2022-10-25,checkout_step,,checkout step 2,2,guest,,,,,,,,,,,False,False,,
295a97ba-7318-4ec7-9131-397c5b8b4122,4e21e53a-8601-4464-b1ee-b7e26508c067,9681591f679e7c40886ef5d7213108bf90224c1534a137f276d11d9bf930119a,29,3d386b5bcd88234cbd4717b1a7f050e7f6a3e028697249ff5c562a750ea908c3,30a15f2ce74d717ef144cd9bcb9c11a7a0feccc60dbb93c5b1dbe40575a1b50e,,,2022-11-17 10:21:40.276000+00:00,2022-11-17,transaction,,order complete,4,,,,,,,,,,,,False,True,,
8abc6b86-1536-4f81-bd6c-88f6627286f6,987dd17c-0aac-4ac8-ab70-2954eecdd57c,9681591f679e7c40886ef5d7213108bf90224c1534a137f276d11d9bf930119a,23,3d386b5bcd88234cbd4717b1a7f050e7f6a3e028697249ff5c562a750ea908c3,30a15f2ce74d717ef144cd9bcb9c11a7a0feccc60dbb93c5b1dbe40575a1b50e,,,2022-11-17 10:19:39.863000+00:00,2022-11-17,checkout_step,,checkout step 2,2,guest,,,,,,,,,,,False,False,,
8b8a9b87-e871-4a9d-9e4c-da575365dfd3,9e3ac41c-164d-4a44-84bb-ed56c9793dd7,9681591f679e7c40886ef5d7213108bf90224c1534a137f276d11d9bf930119a,28,3d386b5bcd88234cbd4717b1a7f050e7f6a3e028697249ff5c562a750ea908c3,30a15f2ce74d717ef144cd9bcb9c11a7a0feccc60dbb93c5b1dbe40575a1b50e,,,2022-11-17 10:21:38.300000+00:00,2022-11-17,checkout_step,,checkout step 2,2,guest,,,,,,,,,,,False,False,,
f50449b7-0b7a-4a3d-b580-31a6c38d4834,ba0301d6-bbcb-4d5c-a86b-9747c7c0304f,9681591f679e7c40886ef5d7213108bf90224c1534a137f276d11d9bf930119a,27,3d386b5bcd88234cbd4717b1a7f050e7f6a3e028697249ff5c562a750ea908c3,30a15f2ce74d717ef144cd9bcb9c11a7a0feccc60dbb93c5b1dbe40575a1b50e,,,2022-11-17 10:21:37.696000+00:00,2022-11-17,checkout_step,,checkout step 1,1,,,,,,,,,,,,False,False,,
98f02d83-23d1-4df4-be90-747fbf34cd60,8ae45935-8bde-44da-b4b5-a8dd832b97bc,9681591f679e7c40886ef5d7213108bf90224c1534a137f276d11d9bf930119a,22,3d386b5bcd88234cbd4717b1a7f050e7f6a3e028697249ff5c562a750ea908c3,30a15f2ce74d717ef144cd9bcb9c11a7a0feccc60dbb93c5b1dbe40575a1b50e,,,2022-11-17 10:19:39.060000+00:00,2022-11-17,checkout_step,,checkout step 1,1,,,,,,,,,,,,False,False,,
faa5d9ff-9522-437a-9e42-370af5f78a97,a19493ad-bffc-43a4-b465-c23754904d7e,e5b6c9069923fc09c221e6ab2e4e5f55886fb960b494fd2b5742524b033afad9,6,a94020f9bacc2dac3ba99feb0b2fd543c9bcbbe8d2b0c646f023b5887ce78f63,30a15f2ce74d717ef144cd9bcb9c11a7a0feccc60dbb93c5b1dbe40575a1b50e,,U12345,2022-11-17 10:23:37.763000+00:00,2022-11-17,checkout_step,,checkout step 2,2,guest,,,,,,,,,,,False,False,peter@snowplowanalytics.com,
4a07c13b-0819-4ac0-acaa-a08df156e7a6,6e38a653-107e-4bce-a9a2-5958cf2d1f1f,e5b6c9069923fc09c221e6ab2e4e5f55886fb960b494fd2b5742524b033afad9,5,a94020f9bacc2dac3ba99feb0b2fd543c9bcbbe8d2b0c646f023b5887ce78f63,30a15f2ce74d717ef144cd9bcb9c11a7a0feccc60dbb93c5b1dbe40575a1b50e,,U12345,2022-11-17 10:23:37.267000+00:00,2022-11-17,checkout_step,,checkout step 1,1,,,,,,,,,,,,False,False,peter@snowplowanalytics.com,
