domain_sessionid,domain_userid,start_tstamp,end_tstamp,number_unique_cart_ids,number_carts_created,number_carts_emptied,number_carts_transacted,first_cart_created,last_cart_created,first_cart_transacted,last_cart_transacted,session_cart_abandoned,session_entered_at_checkout,number_unique_checkout_steps_attempted,number_checkout_steps_visited,checkout_succeeded,first_checkout_attempted,last_checkout_attempted,first_checkout_succeeded,last_checkout_succeeded,first_product_view,last_product_view,first_product_add_to_cart,last_product_add_to_cart,first_product_remove_from_cart,last_product_remove_from_cart,first_product_transaction,last_product_transaction,number_product_views,number_add_to_carts,number_remove_from_carts,number_product_transactions,first_transaction_completed,last_transaction_completed,total_transaction_revenue,total_transaction_quantity,total_number_transactions,total_transacted_products,start_tstamp_date
f383ac86b45bf32a72340aa284aab2782299dc2ffcb495892746071119f2596e,acd7dd4d26841dea3c0a9c86a3473694008734ad4d4d14204ed1edcd5bc462a2,2022-10-25 08:14:10.746000,2022-10-25 08:14:11.383000,,,,,,,,,,,,,,,,,,2022-10-25 08:14:10.584000,2022-10-25 08:14:11.214000,,,,,,,4,0,0,0,,,,,,,2022-10-25
8cbe0646559e8305a19df66d4cadac74373c52e75e208056fc67d7c06d52d58a,8204e33976e5cc1853ed133f0149fd1e5d79f5e842746b48b75892d3b1df0567,2022-10-25 08:05:05.974000,2022-10-25 08:08:38.750000,,,,,,,,,,,,,,,,,,2022-10-25 08:05:05.768000,2022-10-25 08:07:53.343000,,,,,,,66,0,0,0,,,,,,,2022-10-25
7ae1ada6ddd49d185c41e54bd159036f025dfd57ed83184721944bf4c911970c,aed8d83b8a7a6f51c06b7d61472629e9a0975398f2fd08c4feb11a64d6f53438,2022-10-25 10:12:42.773000,2022-10-25 10:12:42.773000,,,,,,,,,,,,,,,,,,2022-10-25 10:12:42.418000,2022-10-25 10:12:42.418000,,,,,,,1,0,0,0,,,,,,,2022-10-25
2b411444cffb01fc1a88ebb1a3ab34f007c148a70b9f0fcc401e675238b2d5ee,a5375683b28ace4b6d05596e0f1d44629a9b5261dda21ac68493c8170cc35587,2022-10-25 08:14:02.522000,2022-10-25 08:14:03.851000,,,,,,,,,,,,,,,,,,2022-10-25 08:14:02.408000,2022-10-25 08:14:03.630000,,,,,,,4,0,0,0,,,,,,,2022-10-25
233da0f82daf3c500d661d5cbcbfdfbee5755d0d8bb06ab35c5ba991ecf45028,d96f58b2bd39e1da5547bca6e133468ff12aab55217cf9a4b1a1ce500960e292,2022-10-25 08:14:20.415000,2022-10-25 08:14:20.964000,,,,,,,,,,,,,,,,,,2022-10-25 08:14:20.288000,2022-10-25 08:14:20.753000,,,,,,,4,0,0,0,,,,,,,2022-10-25
bbcf9fb2fcb583dec133a6ee760201e1f9e584b9bb099492e497ca3d5872d662,e20b2423dc2ae8f39d857a0b6f76007027624334c5cc4b365f77bf8c4af0aa68,2022-10-25 07:49:55.529000,2022-10-25 07:50:17.761000,0,1,0,0,2022-10-25 07:49:55.526000,2022-10-25 07:49:55.526000,,,True,,,,,,,,,2022-10-25 07:50:17.627000,2022-10-25 07:50:17.627000,2022-10-25 07:49:55.526000,2022-10-25 07:49:55.526000,,,,,1,1,0,0,,,,,,,2022-10-25
507cdaf6bd778996476f68eeb739b485a31c75197a3b7b1dbac12ef0044bd6f2,3cc81fdebe575e10fa7faf2799d231e093aa46b51de443194e5d41e6926e4f0d,2022-10-25 08:13:40.018000,2022-10-25 08:13:49.208000,0,1,1,0,2022-10-25 08:13:47.659000,2022-10-25 08:13:47.659000,,,True,,,,,,,,,2022-10-25 08:13:39.903000,2022-10-25 08:13:42.078000,2022-10-25 08:13:47.659000,2022-10-25 08:13:47.659000,2022-10-25 08:13:49.207000,2022-10-25 08:13:49.207000,,,8,1,1,0,,,,,,,2022-10-25
4c1b6a7a2bb600e8c4f32e2fdcb57d4a97e1089e9a4b7f2594acbf264114d7a3,a50e8cd1d4671cb37fedf19955e061e46f7a9e71111818ff573a4bb29a327585,2022-10-25 07:50:41.535000,2022-10-25 07:50:41.535000,0,0,1,0,,,,,False,,,,,,,,,,,,,2022-10-25 07:50:41.532000,2022-10-25 07:50:41.532000,,,0,0,1,0,,,,,,,2022-10-25
03a92439d2eeda1a27f9e7d11051fddd9295c09203b61b068b539d845f9a1e74,b5b80a599a651fa350188d5d8840bbe0c6f6807427cc3e95dca1972e74509c66,2022-10-25 07:51:10.279000,2022-10-25 07:51:21.721000,0,1,1,0,2022-10-25 07:51:19.255000,2022-10-25 07:51:19.255000,,,True,,,,,,,,,2022-10-25 07:51:10.166000,2022-10-25 07:51:17.197000,2022-10-25 07:51:19.255000,2022-10-25 07:51:19.255000,2022-10-25 07:51:21.720000,2022-10-25 07:51:21.720000,,,8,1,1,0,,,,,,,2022-10-25
e5d3f1d874f31c91d72cb5f2c98b14b972b761213de54a1cd8d512931ab7d113,523de34a9a90896cb7336d32c1454663807f7c657fa90bf9d620b4a58f81173d,2022-10-25 08:27:57.546000,2022-10-25 08:28:14.525000,0,1,0,0,2022-10-25 08:28:09.655000,2022-10-25 08:28:09.655000,,,True,False,2,2,False,2022-10-25 08:28:13.425000,2022-10-25 08:28:13.425000,,,2022-10-25 08:27:57.297000,2022-10-25 08:28:08.502000,2022-10-25 08:28:09.655000,2022-10-25 08:28:09.655000,,,,,13,1,0,0,,,,,,,2022-10-25
179d4aec169c6fbbf119763cffcdcac8bf065e18167d3bc0d79fd0b4914f5bda,783e85d8214a6902ca431946afc2e2dadc0777af2194d98b76a12837187760b4,2022-10-25 08:12:54.330000,2022-10-25 08:13:31.450000,0,2,0,0,2022-10-25 08:13:01.907000,2022-10-25 08:13:25.987000,,,True,False,2,3,False,2022-10-25 08:13:05.196000,2022-10-25 08:13:31.333000,,,2022-10-25 08:12:54.125000,2022-10-25 08:13:17.718000,2022-10-25 08:13:01.907000,2022-10-25 08:13:25.987000,,,,,22,2,0,0,,,,,,,2022-10-25
d6fdc9567bacd3dff8fea59770348eba11272f323a3829ed080605c394b102ae,0a225e4eb9b6840ee0e24ea14044195a4f41a6b8a979194e92df49c734a4eb46,2022-10-25 07:52:35.581000,2022-10-25 07:52:51.280000,0,1,0,1,2022-10-25 07:52:40.733000,2022-10-25 07:52:40.733000,2022-10-25 07:52:51.165000,2022-10-25 07:52:51.165000,False,False,3,3,True,2022-10-25 07:52:45.465000,2022-10-25 07:52:45.465000,2022-10-25 07:52:51.165000,2022-10-25 07:52:51.165000,2022-10-25 07:52:35.324000,2022-10-25 07:52:38.297000,2022-10-25 07:52:40.733000,2022-10-25 07:52:40.733000,2022-10-25 07:52:42.280000,2022-10-25 07:52:42.280000,2022-10-25 07:52:51.165000,2022-10-25 07:52:51.165000,4,1,1,1,2022-10-25 07:52:51.165000,2022-10-25 07:52:51.165000,26.0,1,1,1,2022-10-25
996606dcff3c830229a5971b18ac3cf771d5e08b07b4e7f4b36716cbaaf7a6f6,aed8d83b8a7a6f51c06b7d61472629e9a0975398f2fd08c4feb11a64d6f53438,2022-10-25 08:28:33.552000,2022-10-25 08:30:18.307000,0,8,3,1,2022-10-25 08:28:42.052000,2022-10-25 08:30:13.934000,2022-10-25 08:30:18.208000,2022-10-25 08:30:18.208000,True,False,3,7,True,2022-10-25 08:29:20.474000,2022-10-25 08:30:16.389000,2022-10-25 08:30:18.208000,2022-10-25 08:30:18.208000,2022-10-25 08:28:33.443000,2022-10-25 08:30:08.191000,2022-10-25 08:28:42.052000,2022-10-25 08:30:13.934000,2022-10-25 08:28:44.485000,2022-10-25 08:30:12.748000,2022-10-25 08:30:18.208000,2022-10-25 08:30:18.208000,30,8,4,1,2022-10-25 08:30:18.208000,2022-10-25 08:30:18.208000,26.0,1,1,1,2022-10-25
8466766a0101ecf4d609217bb265be2ed2abb3ac563b99c807d1f1d8edadfd1d,c5f05cbc8c021de4f50a59f14b7c50fd59bfdce1b06c0d8fa9df04db63753575,2022-10-25 08:08:49.209000,2022-10-25 08:09:54.663000,0,2,0,2,2022-10-25 08:09:28.796000,2022-10-25 08:09:48.567000,2022-10-25 08:09:31.868000,2022-10-25 08:09:54.564000,False,False,3,4,True,2022-10-25 08:09:52.063000,2022-10-25 08:09:52.063000,2022-10-25 08:09:31.868000,2022-10-25 08:09:54.564000,2022-10-25 08:08:49.099000,2022-10-25 08:09:42.871000,2022-10-25 08:09:28.796000,2022-10-25 08:09:48.567000,,,2022-10-25 08:09:31.868000,2022-10-25 08:09:54.564000,14,2,0,2,2022-10-25 08:09:31.868000,2022-10-25 08:09:54.564000,36.0,2,2,2,2022-10-25
7a8e2fd857cd6f9981456e79adf960ac608754eb91908a1b6f8fc81d37e2b7be,2715230d4fa61224a67b715dc41c3d5816960aa43c687b86216face6c43f0c53,2022-10-25 07:53:44.744000,2022-10-25 07:56:52.040000,0,5,1,3,2022-10-25 07:53:50.080000,2022-10-25 07:56:51,2022-10-25 07:54:20.975000,2022-10-25 07:56:13.651000,True,False,3,9,True,2022-10-25 07:54:16.799000,2022-10-25 07:56:11.708000,2022-10-25 07:54:20.975000,2022-10-25 07:56:13.651000,2022-10-25 07:53:44.522000,2022-10-25 07:56:48.756000,2022-10-25 07:53:50.080000,2022-10-25 07:56:51,2022-10-25 07:55:09.842000,2022-10-25 07:56:52.038000,2022-10-25 07:54:20.975000,2022-10-25 07:56:13.651000,20,5,3,3,2022-10-25 07:54:20.975000,2022-10-25 07:56:13.651000,70.0,3,3,3,2022-10-25
43be59d87041838249c1ccda96a6581911cc6064e6fff7aa6716cc42f161df9a,39e02562ff36520f6339b28c9fbe83dce1835b2a450494ef622f1f0f919dbc60,2022-10-25 08:10:09.511000,2022-10-25 08:11:08.443000,0,3,0,2,2022-10-25 08:10:17.228000,2022-10-25 08:11:06.984000,2022-10-25 08:10:24.908000,2022-10-25 08:10:47.205000,True,False,3,6,True,2022-10-25 08:10:20.742000,2022-10-25 08:10:44.798000,2022-10-25 08:10:24.908000,2022-10-25 08:10:47.205000,2022-10-25 08:10:09.409000,2022-10-25 08:10:59.673000,2022-10-25 08:10:17.228000,2022-10-25 08:11:06.984000,2022-10-25 08:11:08.441000,2022-10-25 08:11:08.441000,2022-10-25 08:10:24.908000,2022-10-25 08:10:47.205000,19,3,1,2,2022-10-25 08:10:24.908000,2022-10-25 08:10:47.205000,69.0,2,2,3,2022-10-25
0a42e1e29bd84c4f87003cb8c4c7098e31a93eed89b10f10c83e0c9c3810318d,31cb1a4bfecf9361e583c5da7ec9ad7153d2bec1e588dd7f0e1676ea4b58d8b8,2022-12-22 13:25:36.286000,2022-12-22 13:26:40.635000,0,5,1,3,2022-12-22 13:25:37.018000,2022-12-22 13:26:28.371000,2022-12-22 13:25:42.138000,2022-12-22 13:26:33.432000,True,False,3,9,True,2022-12-22 13:25:40.972000,2022-12-22 13:26:31.272000,2022-12-22 13:25:42.138000,2022-12-22 13:26:33.432000,2022-12-22 13:25:36.083000,2022-12-22 13:26:39.739000,2022-12-22 13:25:37.018000,2022-12-22 13:26:28.371000,2022-12-22 13:25:55.904000,2022-12-22 13:25:55.904000,2022-12-22 13:25:42.138000,2022-12-22 13:26:33.432000,30,5,1,3,2022-12-22 13:25:42.138000,2022-12-22 13:26:33.432000,1234593.89,3,3,4,2022-12-22
9bcd4b8624ad09c874567df9d2580eccdf3519cbf6e4ce6d6da8f0704b4c7382,f2dedbd53b396663d23a0731dc0a7a0aa6ecb54c87ba34b146ed169a3bb315de,2022-11-29 06:23:59.121000,2022-11-29 06:24:52.136000,,,,,,,,,,,,,,,,,,,,,,,,,,0,0,0,0,,,,,,,2022-11-29
97d9888435ce3188428cf53c375df05cea317228fc0da8dfb4b1fc42dc02c178,d1eab367477292175e718e65b3f0e3f964b9a668198bb2c6d49f1d68742424de,2022-11-29 06:21:10.276000,2022-11-29 06:22:00.416000,,,,,,,,,,,,,,,,,,,,,,,,,,0,0,0,0,,,,,,,2022-11-29
8c8c2fbbb8519d908d25538b6fe55210aa37dc0821f68179036115d8089a8c6d,60951f3c8fc538e456a37dbd6df60f0ac67fd224f5b963f2f3708d5a2f5702eb,2022-11-29 06:19:10.164000,2022-11-29 06:21:00.917000,,,,,,,,,,,,,,,,,,,,,,,,,,0,0,0,0,,,,,,,2022-11-29
85fcfccb2d01008bc13e5070f5051a768ccdb889134ed5b874f47ef1a131b7d1,44de3bad7d011caacac5fe4d58b5fdc0a1a462e43336ea1ebad28a23594c2bcf,2022-11-29 06:18:36.847000,2022-11-29 06:18:53.637000,,,,,,,,,,,,,,,,,,,,,,,,,,0,0,0,0,,,,,,,2022-11-29
29b8eb651e126c7a54e1af85b38bf3bf432ad734fbcc512aa78ed589e047f6fb,13506efa9d5bba43e5abf61a265646715a06d4bf1c421117a66274636e7a3f49,2022-11-29 06:25:06.269000,2022-11-29 06:25:18.641000,,,,,,,,,,,,,,,,,,,,,,,,,,0,0,0,0,,,,,,,2022-11-29
08434b84411164509bc25d5841544a3c1d38dbf1145a73e97ff6412218521f74,b7ff4f9d77a6b96572b824844832cd47f60e7c981476697e8eb57907f3e22081,2022-11-29 06:16:08.298000,2022-11-29 06:18:21.526000,,,,,,,,,,,,,,,,,,,,,,,,,,0,0,0,0,,,,,,,2022-11-29
03994f1532d6af83ab56b5c24b59444122048905ce2f5d6a6950b6647083a6c5,1c1971ceca24d5d067ccbc01d7f666ec4b9146066de3a12252a9a16384bf1e18,2022-11-29 12:54:25.706000,2022-11-29 12:54:27.726000,,,,,,,,,,,,,,,,,,,,,,,,,,0,0,0,0,,,,,,,2022-11-29
071b58d525088d4adebf29ce65eaae23d0ab010a91d42ecd505a44e28deb41ed,d987709ba064283fab3577faab30d8317275d19ca758d03844e0fff6964f1267,2022-11-29 12:57:55.427000,2022-11-29 12:57:56.822000,,,,,,,,,,,,,,,,,,,,,,,,,,0,0,0,0,,,,,,,2022-11-29
0b14adb6fe8c22e87a43bdf47f96e96cdd6e66efe8755a72e833c316cc276155,36e6dd539022822c8c7e6738b634f0f0a189e750e505891cb555b5b7b0f2896d,2022-11-29 12:56:56.237000,2022-11-29 12:57:14.283000,,,,,,,,,,,,,,,,,,,,,,,,,,0,0,0,0,,,,,,,2022-11-29
1981eed9873af23131599d06753d763878dc989aa04724581a177879bb122bf7,96f6aa26e2142a9456f3b4576bfc99368ea49a23dc8bb2bb05d42160c96c1625,2022-11-29 12:54:06.759000,2022-11-29 12:54:16.352000,,,,,,,,,,,,,,,,,,,,,,,,,,0,0,0,0,,,,,,,2022-11-29
291d96bbe355a6a217e8c193825a37132273ac1448c9658552e8ffa213a025b3,ce0e7e0ad5c5649087c7d0fa248c4c71d074942e12150e6c47ca4cb7c76fa0f4,2022-11-29 12:55:10.351000,2022-11-29 12:55:21.528000,,,,,,,,,,,,,,,,,,,,,,,,,,0,0,0,0,,,,,,,2022-11-29
2bdf3e364f78517b468cc0a99156317db37c5cff539686e1b060339aa3cbb128,dc11d0c9020c26ec2e6f8e93e92a8d12ec7477cc927ff79e67446ed81059c6df,2022-11-29 12:55:37.845000,2022-11-29 12:55:38.559000,,,,,,,,,,,,,,,,,,,,,,,,,,0,0,0,0,,,,,,,2022-11-29
2f4817fc6f72da9e9aa3e8f498b535902345e5757b03bef88fc200545bdf67b8,8c77d4865d97054ff03ceb82a774cc99cdd29d3bd32e222b9bf70fb9f01d2c55,2022-11-29 12:55:30.239000,2022-11-29 12:55:31.621000,,,,,,,,,,,,,,,,,,,,,,,,,,0,0,0,0,,,,,,,2022-11-29
310701cba359e4bf9c24eeac08997f7b46e233b2a0f83032b137514faee95571,294e497161b368d02660b4bf0a84f0513ae3ac1ac72fc633ab1c1c22c39d09a1,2022-11-29 12:56:27.454000,2022-11-29 12:56:36.701000,,,,,,,,,,,,,,,,,,,,,,,,,,0,0,0,0,,,,,,,2022-11-29
394def05c079e493926f77d46c33654ad513591f212576440b021fed1b310b9a,fa5c01c8bc94b7a60770f05a46d6df5380e9d251d627681e6079328633ea4e3b,2022-11-29 12:54:39.557000,2022-11-29 12:54:42.693000,,,,,,,,,,,,,,,,,,,,,,,,,,0,0,0,0,,,,,,,2022-11-29
56585dbb5c3558fbe180638007ee2733780998ff9796b566147128e16c4fb6fd,2405c1070f74f85ae8d80e49bfb68b6a1d3a6a9d9d27e43ccdc5e4d2977a4059,2022-11-29 12:57:22.020000,2022-11-29 12:57:23.252000,,,,,,,,,,,,,,,,,,,,,,,,,,0,0,0,0,,,,,,,2022-11-29
5be50c2bea616e8c91420e89da621914e144b006dc66337e79f2fe6622739612,a20c42d430076c4a14416866aaac50a3d0eb5e7db6c3bdc7681c5609624e243d,2022-11-29 12:54:51.351000,2022-11-29 12:54:51.967000,,,,,,,,,,,,,,,,,,,,,,,,,,0,0,0,0,,,,,,,2022-11-29
5fe5854ddb483d3ea51ccf96180b0300cbca6843dfe9531c24d97632f7d35557,bb0da234892f05457716aaddfc8ae8ca95327740406c1329d7260bd5ce15b304,2022-11-29 12:53:57.306000,2022-11-29 12:53:58.957000,,,,,,,,,,,,,,,,,,,,,,,,,,0,0,0,0,,,,,,,2022-11-29
618eac70bbdf6904cd14d0051dee35e1510abdc5a4b731c9da7381beca960869,f6f078a43a4be481d26cb689363ae56244576e2484155a967a3834bedb20f6e6,2022-11-29 12:56:47.196000,2022-11-29 12:56:48.931000,,,,,,,,,,,,,,,,,,,,,,,,,,0,0,0,0,,,,,,,2022-11-29
7e4f6bfa4c0d194bf6c461e03f885d699876fd63145f77fb6640046ec64329f2,bf5621ddca5b58434e69a118efd25f35d626326af9783f5b9f9ed6de722f9ef0,2022-11-29 12:55:55.719000,2022-11-29 12:55:57.099000,,,,,,,,,,,,,,,,,,,,,,,,,,0,0,0,0,,,,,,,2022-11-29
9d708e908748b804c837f69d11df30a8b5b846cff6c6811641313e1391bd5404,2f3c81007168cc35973f773d0740f5cf2e4bddd457d725fd47066d74daa2630e,2022-11-29 12:55:46.079000,2022-11-29 12:55:47.980000,,,,,,,,,,,,,,,,,,,,,,,,,,0,0,0,0,,,,,,,2022-11-29
cfb44c85a511537bd000fbb00e3fc5646801c3d338c710196bf552f0556a48e7,5d260396e86321fced3ee18ed44956d47924d90a1f17cdd2b2218d6caf762840,2022-11-29 12:56:06.003000,2022-11-29 12:56:07.564000,,,,,,,,,,,,,,,,,,,,,,,,,,0,0,0,0,,,,,,,2022-11-29
d388be7c9d0be64a89eea88f998c43d15405e1e075453ec087acf795c117a0eb,0e9dfa131ecd108d7a7f764433361045af460e138e479c3529eedeb629885f96,2022-11-29 12:55:02.879000,2022-11-29 12:55:03.492000,,,,,,,,,,,,,,,,,,,,,,,,,,0,0,0,0,,,,,,,2022-11-29
e97cf51ba2d4f9b8aafee5609da6072e07b9cbbfbf9c7be9bc82f28f0915eab5,03f92e93e2efc0a5d3dbe04eb995e757d11904d08eb37955626b24b4e07c4eb8,2022-11-29 12:56:14.745000,2022-11-29 12:56:21.153000,,,,,,,,,,,,,,,,,,,,,,,,,,0,0,0,0,,,,,,,2022-11-29
f346fcaa252616d4a9e06f4b642cfed6206b0408dd13beb7715ab05380e7ae81,6129c6a0b00370869b1a06dd3d8655480d02da0e09b8fab3b31c44b803fba401,2022-11-29 12:57:31.031000,2022-11-29 12:57:47.950000,,,,,,,,,,,,,,,,,,,,,,,,,,0,0,0,0,,,,,,,2022-11-29
ea77f9766024b5149e805d35c98fa45b1f5132bc39a2fb97f6df99ed9c770808,a5eed47e77eea50e2fce4498c54043a2a44bad60b30d2e7ccbc42eb6f5f2f23a,2022-11-28 08:38:07.847000,2022-11-28 08:38:42.276000,,,,,,,,,,,,,,,,,,,,,,,,,,0,0,0,0,,,,,,,2022-11-28
c11c6f60d38aa65c6b0eddc5f4d2d5f79ca049482f467cb4c84644ad82e37c93,87d2c03a62d8b44d31e6910c99e5f3c12ec4de7bd3abdffd18d387baee980ded,2022-11-28 08:39:41.930000,2022-11-28 08:40:04.194000,,,,,,,,,,,,,,,,,,,,,,,,,,0,0,0,0,,,,,,,2022-11-28
b0e09760a911cd8ee58336f8b64813a9d37d5b88ad32f7211d5f44e10c0c52e6,d78c27c385c7781aa203179caf03791f440bbcd0d2e295db01bcf9864385c909,2022-11-28 08:44:31.489000,2022-11-28 08:44:37.537000,,,,,,,,,,,,,,,,,,,,,,,,,,0,0,0,0,,,,,,,2022-11-28
aa30845287ad907c09c94b2c0170b595154b0b3dbab9e40a8e80965172abd129,cf605ac02827229a92c58391370f72cafa5cc734601b4c16943dec6fe630afa2,2022-11-28 08:40:54.696000,2022-11-28 08:41:22.412000,,,,,,,,,,,,,,,,,,,,,,,,,,0,0,0,0,,,,,,,2022-11-28
8b2511c405e07721853f2fbe2d32f5f6feb80e1e0a2484935cd06d331078c162,b5df289476003fb9a78dcf935d6d60f8b3734c299a8e0c3099478ad81af55952,2022-11-28 08:43:49.795000,2022-11-28 08:44:19.345000,,,,,,,,,,,,,,,,,,,,,,,,,,0,0,0,0,,,,,,,2022-11-28
7d16eefc5797856c990d066c8fce7bae59b194d8b80990a5a7bbd66a5bb5387e,8a5a916f65939d31501d4a8b3d227a994a6c9a8b0589fd119105082e70d87dd5,2022-11-28 08:43:07.930000,2022-11-28 08:43:39.014000,,,,,,,,,,,,,,,,,,,,,,,,,,0,0,0,0,,,,,,,2022-11-28
7739f3037a075da5baa7a0d3a52c693d910c691d4cc7058c57af43cd6e9b103b,b7ff4f9d77a6b96572b824844832cd47f60e7c981476697e8eb57907f3e22081,2022-11-28 08:45:42.311000,2022-11-28 08:45:47.757000,,,,,,,,,,,,,,,,,,,,,,,,,,0,0,0,0,,,,,,,2022-11-28
73215735f58098a63e54f640a53fe28d136a2b47d1c9e33ce878d00f5cf5f99a,e15e759b98003129f8dc95ec49aa1e5fe8f2c16f795f68a5a2193bf72b332865,2022-11-28 08:40:27.990000,2022-11-28 08:40:37.981000,,,,,,,,,,,,,,,,,,,,,,,,,,0,0,0,0,,,,,,,2022-11-28
5fa3b10c4a3a44ea1b188ce19508132665ef8f38cc106ebac1a835fdff684f51,241dd159dc37bc3b4f42b31c34804dd437afa4b3ca1ca599f6c42e2025b8dcb1,2022-11-28 08:40:11.284000,2022-11-28 08:40:21.493000,,,,,,,,,,,,,,,,,,,,,,,,,,0,0,0,0,,,,,,,2022-11-28
47b6956aa49321192c6054c26710dd2d63496b12dd989db14f49f7824f480152,4dad139f84e8fde8407e1c046fbc719e7a69891163c24f67264f1bdf7ca0d23e,2022-11-28 08:28:40.136000,2022-11-28 08:28:52.292000,,,,,,,,,,,,,,,,,,,,,,,,,,0,0,0,0,,,,,,,2022-11-28
42867fde259c0038df1b6650a43bce1489493e9861bee2fea50dd2bf68ab231e,aed8d83b8a7a6f51c06b7d61472629e9a0975398f2fd08c4feb11a64d6f53438,2022-11-28 08:28:30.643000,2022-11-28 08:28:30.869000,,,,,,,,,,,,,,,,,,,,,,,,,,0,0,0,0,,,,,,,2022-11-28
27c6b4e7b81bfcee5cddf0f928a9f7c61b2f24891bb7a4b41e1c102ff3e953ea,93412323c0d819f71920e9d1863f7d38cc0474ee2781d29d27d2ac0313241619,2022-11-28 08:45:24.681000,2022-11-28 08:45:33.437000,,,,,,,,,,,,,,,,,,,,,,,,,,0,0,0,0,,,,,,,2022-11-28
277f16bcfbe2c111c80d0ef1726605af6ce957021e73d147ebd4d7de9674293c,0be8c3659e9d02624a0bbe7009a6811b01302110e1254e45fcc7929d53bfd097,2022-11-28 08:42:03.146000,2022-11-28 08:42:11.645000,,,,,,,,,,,,,,,,,,,,,,,,,,0,0,0,0,,,,,,,2022-11-28
20e8f60abc0e401da4bce61b298617ed1e95c9948b982a53c7e252dcc0b2c491,b4483160af413190d26ff6a3a2767ab201afc1ae8c590d4fb8aa21c1b8ad22a5,2022-11-28 08:28:59.754000,2022-11-28 08:37:59.171000,,,,,,,,,,,,,,,,,,,,,,,,,,0,0,0,0,,,,,,,2022-11-28
2096f89644de783cbeee876b6537adf5f53a066f66bd649f16b00cedb171b564,8b143e46cf1cdec8207b10263a541e144c84c206a4ad3b11d1c149d4170ba7af,2022-11-28 08:39:00.368000,2022-11-28 08:39:00.368000,,,,,,,,,,,,,,,,,,,,,,,,,,0,0,0,0,,,,,,,2022-11-28
09efb4efeb13a539855971982471a0d00d49410be0c0cfbbb3c5eb29c1b3eb07,24b4b03c314b517e4f192c2c17b7f13132eff49bac49f8e004aca24072455da5,2022-11-28 08:41:43.870000,2022-11-28 08:41:51.240000,,,,,,,,,,,,,,,,,,,,,,,,,,0,0,0,0,,,,,,,2022-11-28
056790be0e60c79fc463aa47e9c9b560e6179e700842c839af518d403b8dc838,896ef214cc9b105e7937d405d442f362cf0cc682a6d5d993d380caf28198d10b,2022-11-28 08:41:30.347000,2022-11-28 08:41:32.562000,,,,,,,,,,,,,,,,,,,,,,,,,,0,0,0,0,,,,,,,2022-11-28
f21445f11cb280df17b3146f6a408b7f5d088db7d457eded2cef912ae27bca7f,bbecf0b10c1c4fd610643c2f4b34f71a50d7aa2be7a6f01fe6e28536f77841e6,2022-11-17 10:22:21.847000,2022-11-17 10:23:12.120000,0,3,0,0,2022-11-17 10:22:24.315000,2022-11-17 10:23:12.117000,,,True,,,,,,,,,2022-11-17 10:22:21.697000,2022-11-17 10:22:43.833000,2022-11-17 10:22:24.315000,2022-11-17 10:23:12.117000,,,,,5,3,0,0,,,,,,,2022-11-17
e5b6c9069923fc09c221e6ab2e4e5f55886fb960b494fd2b5742524b033afad9,a94020f9bacc2dac3ba99feb0b2fd543c9bcbbe8d2b0c646f023b5887ce78f63,2022-11-17 10:23:24.767000,2022-11-17 10:23:37.891000,0,1,0,0,2022-11-17 10:23:30.775000,2022-11-17 10:23:30.775000,,,True,False,2,2,False,2022-11-17 10:23:37.267000,2022-11-17 10:23:37.267000,,,2022-11-17 10:23:24.615000,2022-11-17 10:23:25.100000,2022-11-17 10:23:30.775000,2022-11-17 10:23:30.775000,2022-11-17 10:23:31.839000,2022-11-17 10:23:31.839000,,,2,1,1,0,,,,,,,2022-11-17
9681591f679e7c40886ef5d7213108bf90224c1534a137f276d11d9bf930119a,3d386b5bcd88234cbd4717b1a7f050e7f6a3e028697249ff5c562a750ea908c3,2022-11-17 10:18:08.957000,2022-11-17 10:21:59.670000,0,3,0,1,2022-11-17 10:19:35.749000,2022-11-17 10:21:59.668000,2022-11-17 10:21:40.276000,2022-11-17 10:21:40.276000,True,False,3,5,True,2022-11-17 10:19:39.060000,2022-11-17 10:21:37.696000,2022-11-17 10:21:40.276000,2022-11-17 10:21:40.276000,2022-11-17 10:18:08.687000,2022-11-17 10:21:59.024000,2022-11-17 10:19:35.749000,2022-11-17 10:21:59.668000,,,2022-11-17 10:21:40.276000,2022-11-17 10:21:40.276000,22,3,0,1,2022-11-17 10:21:40.276000,2022-11-17 10:21:40.276000,43.0,1,1,2,2022-11-17
